// Jest Snapshot v1, https://goo.gl/fbAQLP

exports[`Pruebas en componente <GifExpertApp /> Debe de coincidir con el snapshot  1`] = `
<div>
  <h1>
    GifExpertApp
  </h1>
  <form
    aria-label="form"
  >
    <input
      name=" "
      placeholder="Buscar Gifs"
      type="text"
      value=""
    />
  </form>
  <h3>
    One punch
  </h3>
  <h2>
    Cargando...
  </h2>
  <div
    class="card-grid"
  />
</div>
`;
